Traceback (most recent call last):
  File "<string>", line 1, in <module>
    from forge import sims, datasets; print(sims.verify_shelf()); print(datasets.verify_shelf())
                                            ^^^^^^^^^^^^^^^^^
AttributeError: module 'forge.sims' has no attribute 'verify_shelf'
Traceback (most recent call last):
  File "<string>", line 1, in <module>
    from forge import sims, datasets; print(sims.verify_shelf()); print(datasets.verify_shelf())
                                            ^^^^^^^^^^^^^^^^^
AttributeError: module 'forge.sims' has no attribute 'verify_shelf'
Traceback (most recent call last):
  File "<string>", line 1, in <module>
    from forge import sims, datasets; print(sims.verify_shelf()); print(datasets.verify_shelf())
                                            ^^^^^^^^^^^^^^^^^
AttributeError: module 'forge.sims' has no attribute 'verify_shelf'
Traceback (most recent call last):
  File "<string>", line 1, in <module>
    from forge import sims, datasets; print(sims.verify_shelf()); print(datasets.verify_shelf())
                                            ^^^^^^^^^^^^^^^^^
AttributeError: module 'forge.sims' has no attribute 'verify_shelf'
Traceback (most recent call last):
  File "<string>", line 1, in <module>
    from forge import sims, datasets; print(sims.verify_shelf()); print(datasets.verify_shelf())
                                            ^^^^^^^^^^^^^^^^^
AttributeError: module 'forge.sims' has no attribute 'verify_shelf'
Traceback (most recent call last):
  File "<string>", line 1, in <module>
    from forge import sims, datasets; print(sims.verify_shelf()); print(datasets.verify_shelf())
                                            ^^^^^^^^^^^^^^^^^
AttributeError: module 'forge.sims' has no attribute 'verify_shelf'
Traceback (most recent call last):
  File "<string>", line 1, in <module>
    from forge import sims, datasets; print(sims.verify_shelf()); print(datasets.verify_shelf())
                                            ^^^^^^^^^^^^^^^^^
AttributeError: module 'forge.sims' has no attribute 'verify_shelf'
Traceback (most recent call last):
  File "<string>", line 1, in <module>
    from forge import sims, datasets; print(sims.verify_shelf()); print(datasets.verify_shelf())
                                            ^^^^^^^^^^^^^^^^^
AttributeError: module 'forge.sims' has no attribute 'verify_shelf'
Traceback (most recent call last):
  File "<string>", line 1, in <module>
    from forge import sims, datasets; print(sims.verify_shelf()); print(datasets.verify_shelf())
                                            ^^^^^^^^^^^^^^^^^
AttributeError: module 'forge.sims' has no attribute 'verify_shelf'
Traceback (most recent call last):
  File "<string>", line 1, in <module>
    from forge import sims, datasets; print(sims.verify_shelf()); print(datasets.verify_shelf())
                                            ^^^^^^^^^^^^^^^^^
AttributeError: module 'forge.sims' has no attribute 'verify_shelf'
